// Jest Snapshot v1, https://goo.gl/fbAQLP

exports[`Test BtnExit component BtnExit component is created and rendered correctly 1`] = `
<button
  className="player__exit"
  onClick={[Function]}
  type="button"
>
  Exit
</button>
`;
