// Jest Snapshot v1, https://goo.gl/fbAQLP

exports[`Test Promo component Promo component is created and rendered correctly 1`] = `
<div
  className="movie-card__wrap"
>
  <div
    className="movie-card__info"
  >
    <div
      className="movie-card__poster"
      onClick={[Function]}
    >
      <img
        alt="Fantastic Beasts: The Crimes of Grindelwald"
        height="327"
        src="https://htmlacademy-react-3.appspot.com/wtw/static/film/preview/moonrise-kingdom1.jpg"
        width="218"
      />
    </div>
    <div
      className="movie-card__desc"
    >
      <h2
        className="movie-card__title"
        onClick={[Function]}
      >
        Fantastic Beasts: The Crimes of Grindelwald
      </h2>
      <p
        className="movie-card__meta"
      >
        <span
          className="movie-card__genre"
        >
          Documentary
        </span>
        <span
          className="movie-card__year"
        >
          2015
        </span>
      </p>
      <div
        className="movie-card__buttons"
      >
        <a
          className="btn btn--play movie-card__button"
          href="/player/mock-1"
          onClick={[Function]}
          type="button"
        >
          <svg
            height="19"
            viewBox="0 0 19 19"
            width="19"
          >
            <use
              xlinkHref="#play-s"
            />
          </svg>
          <span>
            Play
          </span>
        </a>
        <button
          className="btn btn--list movie-card__button"
          onClick={[Function]}
          type="button"
        >
          <svg
            height="20"
            viewBox="0 0 19 20"
            width="19"
          >
            <use
              xlinkHref="#add"
            />
          </svg>
          <span>
            My list
          </span>
        </button>
      </div>
    </div>
  </div>
</div>
`;
