// Jest Snapshot v1, https://goo.gl/fbAQLP

exports[`Test LinkSignIn component LinkSignIn component is created and rendered correctly 1`] = `
<a
  className="user-block__link"
  href="/login"
  onClick={[Function]}
>
  Sign in
</a>
`;
