// Jest Snapshot v1, https://goo.gl/fbAQLP

exports[`Test MyListTitle component MyListTitle component is created and rendered correctly 1`] = `
<h1
  className="page-title user-page__title"
>
  My list
</h1>
`;
