// Jest Snapshot v1, https://goo.gl/fbAQLP

exports[`Test MoviesList component When Movies is correctly 1`] = `
<div
  className="catalog__movies-list"
>
  <article
    className="small-movie-card catalog__movies-card"
    id="mock-1"
    onClick={[Function]}
    onMouseEnter={[Function]}
    onMouseLeave={[Function]}
  >
    <div
      className="small-movie-card__image"
    >
      <video
        height="175"
        poster="https://htmlacademy-react-3.appspot.com/wtw/static/film/preview/moonrise-kingdom2.jpg"
        type="video/webm"
        width="280"
      >
        Sorry, your browser doesn\`t support embedded videos
      </video>
    </div>
    <h3
      className="small-movie-card__title"
      onClick={[Function]}
    >
      <a
        className="small-movie-card__link"
        href="movie-page.html"
      >
        Fantastic Beasts: The Crimes of Grindelwald
      </a>
    </h3>
  </article>
</div>
`;
