// Jest Snapshot v1, https://goo.gl/fbAQLP

exports[`Test VideoPlayer component VideoPlayer component is created and rendered correctly 1`] = `
<video
  height="175"
  poster="/img/fantastic-beasts-the-crimes-of-grindelwald.jpg"
  type="video/webm"
  width="280"
>
  Sorry, your browser doesn\`t support embedded videos
</video>
`;
