// Jest Snapshot v1, https://goo.gl/fbAQLP

exports[`Test BtnPlay component BtnPlay component is created and rendered correctly 1`] = `
Array [
  <svg
    height="19"
    viewBox="0 0 19 19"
    width="19"
  >
    <use
      xlinkHref="#play-s"
    />
  </svg>,
  <span>
    Play
  </span>,
]
`;
